[    0.000000] Booting Linux on physical CPU 0x0
[    0.000000] Linux version 6.17.0-11372-g8fc01817ffdb-dirty (sergio@pop-os) (arm-linux-musleabihf-gcc (GCC) 9.4.0, GNU ld (GNU Binutils) 2.33.1) #71 SMP PREEMPT Thu Oct 30 22:58:44 CET 2025
[    0.000000] CPU: ARMv7 Processor [410fc075] revision 5 (ARMv7), cr=10c5387d
[    0.000000] CPU: div instructions available: patching division code
[    0.000000] CPU: PIPT / VIPT nonaliasing data cache, VIPT aliasing instruction cache
[    0.000000] OF: fdt: Machine model: SPuC T113
[    0.000000] earlycon: uart8250 at MMIO32 0x02500000 (options '')
[    0.000000] printk: legacy bootconsole [uart8250] enabled
[    0.000000] Memory policy: Data cache writealloc
[    0.000000] cma: Reserved 32 MiB at 0x45c00000
[    0.000000] Zone ranges:
[    0.000000]   Normal   [mem 0x0000000040000000-0x0000000047ffffff]
[    0.000000]   HighMem  empty
[    0.000000] Movable zone start for each node
[    0.000000] Early memory node ranges
[    0.000000]   node   0: [mem 0x0000000040000000-0x0000000047ffffff]
[    0.000000] Initmem setup node 0 [mem 0x0000000040000000-0x0000000047ffffff]
[    0.000000] OF: reserved mem: Reserved memory: No reserved-memory node in the DT
[    0.000000] psci: probing for conduit method from DT.
[    0.000000] psci: PSCIv65535.65535 detected in firmware.
[    0.000000] psci: Using standard PSCI v0.2 function IDs
[    0.000000] psci: MIGRATE_INFO_TYPE not supported.
[    0.000000] psci: SMC Calling Convention v1.0
[    0.000000] percpu: Embedded 13 pages/cpu s21516 r8192 d23540 u53248
[    0.000000] pcpu-alloc: s21516 r8192 d23540 u53248 alloc=13*4096
[    0.000000] pcpu-alloc: [0] 0 [0] 1 
[    0.000000] Kernel command line: mem=128M cma=32M rootwait console=ttyS0,115200 console=tty1 earlycon=uart8250,mmio32,0x02500000 earlyprintk loglevel=6 vt.global_cursor_default=0 splash  root=PARTUUID=3de79825-7bc0-4434-a9b2-86e7981094d8 rootfstype=squashfs ro  spuc.slot=A spuc.bootmmc=1 
[    0.000000] Unknown kernel command line parameters "earlyprintk splash", will be passed to user space.
[    0.000000] printk: log buffer data + meta data: 131072 + 409600 = 540672 bytes
[    0.000000] Dentry cache hash table entries: 16384 (order: 4, 65536 bytes, linear)
[    0.000000] Inode-cache hash table entries: 8192 (order: 3, 32768 bytes, linear)
[    0.000000] Built 1 zonelists, mobility grouping on.  Total pages: 32768
[    0.000000] mem auto-init: stack:off, heap alloc:off, heap free:off
[    0.000000] SLUB: HWalign=64, Order=0-3, MinObjects=0, CPUs=2, Nodes=1
[    0.000000] rcu: Preemptible hierarchical RCU implementation.
[    0.000000] rcu: 	RCU event tracing is enabled.
[    0.000000] rcu: 	RCU restricting CPUs from NR_CPUS=8 to nr_cpu_ids=2.
[    0.000000] rcu: RCU calculated value of scheduler-enlistment delay is 10 jiffies.
[    0.000000] rcu: Adjusting geometry for rcu_fanout_leaf=16, nr_cpu_ids=2
[    0.000000] NR_IRQS: 16, nr_irqs: 16, preallocated irqs: 16
[    0.000000] GIC: Using split EOI/Deactivate mode
[    0.000000] rcu: srcu_init: Setting srcu_struct sizes based on contention.
[    0.000000] arch_timer: cp15 timer running at 24.00MHz (phys).
[    0.000000] clocksource: arch_sys_counter: mask: 0xffffffffffffff max_cycles: 0x588fe9dc0, max_idle_ns: 440795202592 ns
[    0.000001] sched_clock: 56 bits at 24MHz, resolution 41ns, wraps every 4398046511097ns
[    0.000020] Switching to timer-based delay loop, resolution 41ns
[    0.000207] clocksource: timer: mask: 0xffffffff max_cycles: 0xffffffff, max_idle_ns: 79635851949 ns
[    0.000811] Console: colour dummy device 132x50
[    0.000845] printk: legacy console [tty1] enabled
[    0.000859] printk: legacy bootconsole [uart8250] disabled
[    0.000925] Calibrating delay loop (skipped), value calculated using timer frequency.. 48.00 BogoMIPS (lpj=240000)
[    0.000946] CPU: Testing write buffer coherency: ok
[    0.000993] pid_max: default: 32768 minimum: 301
[    0.001189] Mount-cache hash table entries: 1024 (order: 0, 4096 bytes, linear)
[    0.001216] Mountpoint-cache hash table entries: 1024 (order: 0, 4096 bytes, linear)
[    0.002167] CPU0: update cpu_capacity 1024
[    0.002199] CPU0: thread -1, cpu 0, socket 0, mpidr 80000000
[    0.002235] cacheinfo: Unable to detect cache hierarchy for CPU 0
[    0.003878] Setting up static identity map for 0x40100000 - 0x40100060
[    0.004151] rcu: Hierarchical SRCU implementation.
[    0.004167] rcu: 	Max phase no-delay instances is 1000.
[    0.004585] Timer migration: 1 hierarchy levels; 8 children per group; 1 crossnode level
[    0.005580] smp: Bringing up secondary CPUs ...
[    0.006636] CPU1: update cpu_capacity 1024
[    0.006659] CPU1: thread -1, cpu 1, socket 0, mpidr 80000001
[    0.006900] smp: Brought up 1 node, 2 CPUs
[    0.006928] SMP: Total of 2 processors activated (96.00 BogoMIPS).
[    0.006940] CPU: All CPU(s) started in HYP mode.
[    0.006946] CPU: Virtualization extensions available.
[    0.007532] Memory: 78348K/131072K available (9216K kernel code, 998K rwdata, 2640K rodata, 1024K init, 230K bss, 19148K reserved, 32768K cma-reserved, 0K highmem)
[    0.008091] devtmpfs: initialized
[    0.016436] VFP support v0.3: implementor 41 architecture 2 part 30 variant 7 rev 5
[    0.016865] clocksource: jiffies: mask: 0xffffffff max_cycles: 0xffffffff, max_idle_ns: 19112604462750000 ns
[    0.016910] posixtimers hash table entries: 1024 (order: 1, 8192 bytes, linear)
[    0.016976] futex hash table entries: 512 (32768 bytes on 1 NUMA nodes, total 32 KiB, linear).
[    0.017597] pinctrl core: initialized pinctrl subsystem
[    0.019518] NET: Registered PF_NETLINK/PF_ROUTE protocol family
[    0.020958] DMA: preallocated 256 KiB pool for atomic coherent allocations
[    0.022269] thermal_sys: Registered thermal governor 'step_wise'
[    0.022362] cpuidle: using governor menu
[    0.022775] hw-breakpoint: found 5 (+1 reserved) breakpoint and 4 watchpoint registers.
[    0.022798] hw-breakpoint: maximum watchpoint size is 8 bytes.
[    0.027888] /soc/clock-controller@2001000: Fixed dependency cycle(s) with /soc/rtc@7090000
[    0.028293] /soc/mixer@5100000: Fixed dependency cycle(s) with /soc/tcon-top@5460000
[    0.028349] /soc/mixer@5200000: Fixed dependency cycle(s) with /soc/tcon-top@5460000
[    0.028421] /soc/tcon-top@5460000: Fixed dependency cycle(s) with /soc/mixer@5200000
[    0.028447] /soc/tcon-top@5460000: Fixed dependency cycle(s) with /soc/lcd-controller@5470000
[    0.028474] /soc/tcon-top@5460000: Fixed dependency cycle(s) with /soc/lcd-controller@5461000
[    0.028499] /soc/tcon-top@5460000: Fixed dependency cycle(s) with /soc/mixer@5100000
[    0.028561] /soc/lcd-controller@5461000: Fixed dependency cycle(s) with /soc/tcon-top@5460000
[    0.028621] /soc/lcd-controller@5470000: Fixed dependency cycle(s) with /soc/tcon-top@5460000
[    0.028663] /soc/clock-controller@7010000: Fixed dependency cycle(s) with /soc/clock-controller@2001000
[    0.028685] /soc/clock-controller@7010000: Fixed dependency cycle(s) with /soc/rtc@7090000
[    0.028711] /soc/rtc@7090000: Fixed dependency cycle(s) with /soc/clock-controller@7010000
[    0.029562] /soc/clock-controller@2001000: Fixed dependency cycle(s) with /soc/rtc@7090000
[    0.035877] /soc/mixer@5100000: Fixed dependency cycle(s) with /soc/tcon-top@5460000
[    0.036184] /soc/mixer@5200000: Fixed dependency cycle(s) with /soc/tcon-top@5460000
[    0.037335] /soc/mixer@5200000: Fixed dependency cycle(s) with /soc/tcon-top@5460000
[    0.037471] /soc/mixer@5100000: Fixed dependency cycle(s) with /soc/tcon-top@5460000
[    0.037580] /soc/tcon-top@5460000: Fixed dependency cycle(s) with /soc/mixer@5200000
[    0.037691] /soc/tcon-top@5460000: Fixed dependency cycle(s) with /soc/lcd-controller@5470000
[    0.037733] /soc/tcon-top@5460000: Fixed dependency cycle(s) with /soc/lcd-controller@5461000
[    0.037759] /soc/tcon-top@5460000: Fixed dependency cycle(s) with /soc/mixer@5100000
[    0.038120] /soc/tcon-top@5460000: Fixed dependency cycle(s) with /soc/lcd-controller@5461000
[    0.038257] /soc/lcd-controller@5461000: Fixed dependency cycle(s) with /soc/tcon-top@5460000
[    0.038599] /soc/tcon-top@5460000: Fixed dependency cycle(s) with /soc/lcd-controller@5470000
[    0.038744] /soc/lcd-controller@5470000: Fixed dependency cycle(s) with /soc/tcon-top@5460000
[    0.039290] /soc/clock-controller@7010000: Fixed dependency cycle(s) with /soc/clock-controller@2001000
[    0.039397] /soc/clock-controller@7010000: Fixed dependency cycle(s) with /soc/rtc@7090000
[    0.039564] /soc/clock-controller@7010000: Fixed dependency cycle(s) with /soc/rtc@7090000
[    0.039822] /soc/clock-controller@2001000: Fixed dependency cycle(s) with /soc/rtc@7090000
[    0.040013] /soc/rtc@7090000: Fixed dependency cycle(s) with /soc/clock-controller@7010000
[    0.045774] /soc/lcd-controller@5461000: Fixed dependency cycle(s) with /panel
[    0.045929] /panel: Fixed dependency cycle(s) with /soc/lcd-controller@5461000
[    0.049428] iommu: Default domain type: Translated
[    0.049455] iommu: DMA domain TLB invalidation policy: strict mode
[    0.050616] SCSI subsystem initialized
[    0.051653] libata version 3.00 loaded.
[    0.051942] mc: Linux media interface: v0.10
[    0.052021] videodev: Linux video capture interface: v2.00
[    0.052139] pps_core: LinuxPPS API ver. 1 registered
[    0.052149] pps_core: Software ver. 5.3.6 - Copyright 2005-2007 Rodolfo Giometti <giometti@linux.it>
[    0.052174] PTP clock support registered
[    0.054309] clocksource: Switched to clocksource arch_sys_counter
[    0.066774] NET: Registered PF_INET protocol family
[    0.067046] IP idents hash table entries: 2048 (order: 2, 16384 bytes, linear)
[    0.067886] tcp_listen_portaddr_hash hash table entries: 512 (order: 0, 4096 bytes, linear)
[    0.067935] Table-perturb hash table entries: 65536 (order: 6, 262144 bytes, linear)
[    0.068029] TCP established hash table entries: 1024 (order: 0, 4096 bytes, linear)
[    0.068061] TCP bind hash table entries: 1024 (order: 2, 16384 bytes, linear)
[    0.068104] TCP: Hash tables configured (established 1024 bind 1024)
[    0.068222] UDP hash table entries: 256 (order: 1, 14336 bytes, linear)
[    0.068276] UDP-Lite hash table entries: 256 (order: 1, 14336 bytes, linear)
[    0.068508] NET: Registered PF_UNIX/PF_LOCAL protocol family
[    0.069165] RPC: Registered named UNIX socket transport module.
[    0.069191] RPC: Registered udp transport module.
[    0.069199] RPC: Registered tcp transport module.
[    0.069206] RPC: Registered tcp-with-tls transport module.
[    0.069213] RPC: Registered tcp NFSv4.1 backchannel transport module.
[    0.070545] Initialise system trusted keyrings
[    0.070975] Unpacking initramfs...
[    0.074474] workingset: timestamp_bits=30 max_order=15 bucket_order=0
[    0.074977] squashfs: version 4.0 (2009/01/31) Phillip Lougher
[    0.075558] NFS: Registering the id_resolver key type
[    0.075668] Key type id_resolver registered
[    0.075689] Key type id_legacy registered
[    0.076081] fuse: init (API version 7.45)
[    0.077260] Key type asymmetric registered
[    0.077304] Asymmetric key parser 'x509' registered
[    0.077421] Block layer SCSI generic (bsg) driver version 0.4 loaded (major 245)
[    0.077438] io scheduler mq-deadline registered
[    0.077449] io scheduler kyber registered
[    0.077483] io scheduler bfq registered
[    0.214887] Serial: 8250/16550 driver, 8 ports, IRQ sharing disabled
[    0.243770] loop: module loaded
[    0.244682] zram: Added device: zram0
[    0.248841] CAN device driver interface
[    0.252449] sun6i-rtc 7090000.rtc: registered as rtc0
[    0.252604] sun6i-rtc 7090000.rtc: setting system clock to 1970-01-02T12:26:47 UTC (131207)
[    0.253524] i2c_dev: i2c /dev entries driver
[    0.256546] sunxi-wdt 20500a0.watchdog: Watchdog enabled (timeout=16 sec, nowayout=0)
[    0.258366] /cpus/cpu@0: unsupported enable-method property: psci
[    0.258535] CPUidle PSCI: /cpus/idle-states/cpu-sleep missing arm,psci-suspend-param property
[    0.258573] CPUidle PSCI: CPU 0 failed to PSCI idle
[    0.258593] faux_driver psci-cpuidle: probe with driver faux_driver failed with error -22
[    0.258703] CPUidle PSCI: Failed to create psci-cpuidle device
[    0.260125] sun8i-ce 3040000.crypto: Set mod clock to 300000000 (300 Mhz) from 400000000 (400 Mhz)
[    0.260651] sun8i-ce 3040000.crypto: will run requests pump with realtime priority
[    0.261377] sun8i-ce 3040000.crypto: will run requests pump with realtime priority
[    0.261886] sun8i-ce 3040000.crypto: will run requests pump with realtime priority
[    0.262337] sun8i-ce 3040000.crypto: will run requests pump with realtime priority
[    0.262675] sun8i-ce 3040000.crypto: Register cbc(aes)
[    0.262712] sun8i-ce 3040000.crypto: Register ecb(aes)
[    0.262726] sun8i-ce 3040000.crypto: Register cbc(des3_ede)
[    0.262739] sun8i-ce 3040000.crypto: Register ecb(des3_ede)
[    0.262752] sun8i-ce 3040000.crypto: Register md5
[    0.262768] sun8i-ce 3040000.crypto: Register sha1
[    0.262781] sun8i-ce 3040000.crypto: Register sha224
[    0.262794] sun8i-ce 3040000.crypto: Register sha256
[    0.262807] sun8i-ce 3040000.crypto: Register sha384
[    0.262820] sun8i-ce 3040000.crypto: Register sha512
[    0.262834] sun8i-ce 3040000.crypto: Register stdrng
[    0.263141] sun8i-ce 3040000.crypto: CryptoEngine Die ID 0
[    0.265445] random: crng init done
[    0.266722] hw perfevents: enabled with armv7_cortex_a7 PMU driver, 5 (8000000f) counters available
[    0.268185] NET: Registered PF_PACKET protocol family
[    0.268211] can: controller area network core
[    0.268267] NET: Registered PF_CAN protocol family
[    0.268280] can: raw protocol
[    0.268291] can: broadcast manager protocol
[    0.268303] can: netlink gateway - max_hops=1
[    0.268422] Key type dns_resolver registered
[    0.268640] Freeing initrd memory: 3148K
[    0.268815] Registering SWP/SWPB emulation handler
[    0.277648] Loading compiled-in X.509 certificates
[    0.299551] gpio gpiochip0: Static allocation of GPIO base is deprecated, use dynamic allocation.
[    0.307640] sun20i-d1-pinctrl 2000000.pinctrl: initialized sunXi PIO driver
[    0.313080] printk: legacy console [ttyS0] disabled
[    0.333893] 2500000.serial: ttyS0 at MMIO 0x2500000 (irq = 233, base_baud = 1500000) is a 16550A
[    0.333995] printk: legacy console [ttyS0] enabled
[    0.505318] 2500400.serial: ttyS1 at MMIO 0x2500400 (irq = 234, base_baud = 1500000) is a 16550A
[    0.505648] serial serial0: tty port ttyS1 registered
[    0.527874] 2501000.serial: ttyS4 at MMIO 0x2501000 (irq = 235, base_baud = 1500000) is a 16550A
[    0.532894] pca953x 0-0020: using no AI
[    0.535424] rtc-ds1307 0-0032: power-on detected
[    0.540183] rtc-ds1307 0-0032: voltage drop detected
[    0.546125] rtc-ds1307 0-0032: registered as rtc1
[    0.553968] sunxi-mmc 4020000.mmc: Got CD GPIO
[    0.553995] sunxi-mmc 4021000.mmc: allocated mmc-pwrseq
[    0.556017] sun20i-d1-pinctrl 2000000.pinctrl: supply vcc-pc not found, using dummy regulator
[    0.575993] sun4i-drm display-engine: bound 5100000.mixer (ops 0xc0a66a00)
[    0.577297] sunxi-mmc 4021000.mmc: initialized, max. request size: 2048 KB, uses new timings mode
[    0.577849] sunxi-mmc 4020000.mmc: initialized, max. request size: 2048 KB, uses new timings mode
[    0.577894] sun4i-drm display-engine: bound 5200000.mixer (ops 0xc0a66a00)
[    0.578271] sun4i-drm display-engine: bound 5460000.tcon-top (ops 0xc0a6b260)
[    0.578890] sun4i-drm display-engine: bound 5461000.lcd-controller (ops 0xc0a629b8)
[    0.579242] sun4i-drm display-engine: bound 5470000.lcd-controller (ops 0xc0a629b8)
[    0.580224] [drm] Initialized sun4i-drm 1.0.0 for display-engine on minor 0
[    0.583951] sunxi-mmc 4021000.mmc: card claims to support voltages below defined range
[    0.591251] sunxi-mmc 4022000.mmc: initialized, max. request size: 2048 KB, uses new timings mode
[    0.594573] mmc3: new high speed SDIO card at address 0001
[    0.613476] mmc0: new high speed SDXC card at address 59b4
[    0.614477] mmcblk0: mmc0:59b4 SK128 119 GiB
[    0.617665] Console: switching to colour frame buffer device 100x30
[    0.622602]  mmcblk0: p1
[    0.640826] sun4i-drm display-engine: [drm] fb0: sun4i-drmdrmfb frame buffer device
[    0.645989] input: gpio-keys as /devices/platform/gpio-keys/input/input0
[    0.648085] clk: Disabling unused clocks
[    0.648281] PM: genpd: Disabling unused power domains
[    0.650335] Freeing unused kernel image (initmem) memory: 1024K
[    0.650599] Run /init as init process
[    0.650615]   with arguments:
[    0.650625]     /init
[    0.650633]     earlyprintk
[    0.650641]     splash
[    0.650650]   with environment:
[    0.650658]     HOME=/
[    0.650666]     TERM=linux
[    0.656927] mmc2: new high speed SDHC card at address 0001
[    0.658046] mmcblk2: mmc2:0001 MK 7.26 GiB
[    0.673213]  mmcblk2: p1 p2 p3 p4 p5 p6 p7
[    1.094260] F2FS-fs (mmcblk2p7): f2fs_recover_fsync_data: recovery fsync data, check_only: 0
[    1.103753] F2FS-fs (mmcblk2p7): Mounted with checkpoint version = 64208099
[    4.301178] udevd[440]: starting version 3.2.14
[    4.540463] udevd[440]: starting eudev-3.2.14
[    5.103980] Goodix-TS 1-0014: supply AVDD28 not found, using dummy regulator
[    5.104202] Goodix-TS 1-0014: supply VDDIO not found, using dummy regulator
[    5.180035] ina2xx 0-0040: power monitor ina219 (Rshunt = 100000 uOhm)
[    5.225298] Goodix-TS 1-0014: ID 911, version: 1060
[    5.230607] input: Goodix Capacitive TouchScreen as /devices/platform/soc/2502800.i2c/i2c-1/1-0014/input/input1
[    5.357239] bmp280 0-0076: 0x60 is a known chip id for bme280
[    5.460108] Bluetooth: Core ver 2.22
[    5.460312] NET: Registered PF_BLUETOOTH protocol family
[    5.460332] Bluetooth: HCI device and connection manager initialized
[    5.460356] Bluetooth: HCI socket layer initialized
[    5.460370] Bluetooth: L2CAP socket layer initialized
[    5.460427] Bluetooth: SCO socket layer initialized
[    5.515820] usbcore: registered new interface driver usbfs
[    5.515952] usbcore: registered new interface driver hub
[    5.516126] usbcore: registered new device driver usb
[    5.582026] Warning! ehci_hcd should always be loaded before uhci_hcd and ohci_hcd, not after
[    5.582738] cfg80211: Loading compiled-in X.509 certificates for regulatory database
[    5.590118] ohci-platform 4200400.usb: Generic Platform OHCI controller
[    5.590181] ohci-platform 4200400.usb: new USB bus registered, assigned bus number 1
[    5.593779] Bluetooth: HCI UART driver ver 2.3
[    5.593823] Bluetooth: HCI UART protocol H4 registered
[    5.593834] Bluetooth: HCI UART protocol BCSP registered
[    5.595126] ehci-platform 4200000.usb: EHCI Host Controller
[    5.595194] ehci-platform 4200000.usb: new USB bus registered, assigned bus number 2
[    5.595391] Bluetooth: HCI UART protocol Three-wire (H5) registered
[    5.599488] ohci-platform 4200400.usb: irq 249, io mem 0x04200400
[    5.600905] ehci-platform 4200000.usb: irq 250, io mem 0x04200000
[    5.616554] ehci-platform 4200000.usb: USB 2.0 started, EHCI 1.00
[    5.634876] hub 2-0:1.0: USB hub found
[    5.634989] hub 2-0:1.0: 1 port detected
[    5.663873] hub 1-0:1.0: USB hub found
[    5.664391] hub 1-0:1.0: 1 port detected
[    5.702407] Loaded X.509 cert 'sforshee: 00b28ddf47aef9cea7'
[    5.704083] Loaded X.509 cert 'wens: 61c038651aabdcf94bd0ac7ff06c7248db18c600'
[    5.904427] usb 2-1: new high-speed USB device number 2 using ehci-platform
[    6.083497] hub 2-1:1.0: USB hub found
[    6.094396] hub 2-1:1.0: 4 ports detected
[    6.343684] usb_phy_generic usb_phy_generic.1.auto: dummy supplies not allowed for exclusive requests (id=vbus)
[    6.365924] Bluetooth: hci0: RTL: examining hci_ver=08 hci_rev=000c lmp_ver=08 lmp_subver=8821
[    6.370104] Bluetooth: hci0: RTL: rom_version status=0 version=1
[    6.370163] Bluetooth: hci0: RTL: loading rtl_bt/rtl8821cs_fw.bin
[    6.454729] Bluetooth: hci0: RTL: loading rtl_bt/rtl8821cs_config.bin
[    6.477269] Bluetooth: hci0: RTL: cfg_sz 25, total sz 36953
[    6.504470] usb 2-1.2: new full-speed USB device number 3 using ehci-platform
[    6.517920] rtw88_8821cs mmc3:0001:1: Firmware version 24.11.0, H2C version 12
[    6.904439] usb 2-1.3: new full-speed USB device number 4 using ehci-platform
[    7.317595] usbcore: registered new interface driver spi-ch341
[    7.398985] usbcore: registered new interface driver ch341
[    7.402035] usbserial: USB Serial support registered for ch341-uart
[    7.417581] ch341 2-1.2:1.0: ch341-uart converter detected
[    7.422441] usb 2-1.2: ch341-uart converter now attached to ttyUSB0
[    7.560833] Bluetooth: hci0: RTL: fw version 0x75b8f098
[    8.264633] EXT4-fs (mmcblk0p1): mounted filesystem 51f228db-de3b-43ea-ab79-0cecf412ca0d r/w without journal. Quota mode: disabled.
[   10.278518] NET: Registered PF_INET6 protocol family
[   10.279857] Segment Routing with IPv6
[   10.279929] In-situ OAM (IOAM) with IPv6
[   14.247704] zram0: detected capacity change from 0 to 131072
[   14.271919] Adding 65532k swap on /dev/zram0.  Priority:16383 extents:1 across:65532k SSDsc
[   14.906941] NET: Registered PF_ALG protocol family
[   16.369683] configfs-gadget.spucusb gadget.0: HOST MAC 12:34:56:78:9a:bc
[   16.369722] configfs-gadget.spucusb gadget.0: MAC 02:12:34:56:78:9a
[   18.604876] wlan0: authenticate with 94:18:65:73:05:4e (local address=48:d8:90:a5:89:ee)
[   18.634450] wlan0: send auth to 94:18:65:73:05:4e (try 1/3)
[   18.638189] wlan0: authenticated
[   18.644364] wlan0: associate with 94:18:65:73:05:4e (try 1/3)
[   18.754315] wlan0: associate with 94:18:65:73:05:4e (try 2/3)
[   18.816897] wlan0: RX AssocResp from 94:18:65:73:05:4e (capab=0x1511 status=0 aid=11)
[   18.825146] wlan0: associated
[   18.923256] wlan0: Limiting TX power to 20 (23 - 3) dBm as advertised by 94:18:65:73:05:4e
[   25.864639] wlan0: deauthenticating from 94:18:65:73:05:4e by local choice (Reason: 3=DEAUTH_LEAVING)
[   26.715756] cedrus 1c0e000.video-codec: Device registered as /dev/video0
[   74.031180] sunxi_g2d: loading out-of-tree module taints kernel.
[   74.032299] sunxi-g2d 5410000.g2d: Probing G2D driver v2.9.15
[   74.032371] sunxi-g2d 5410000.g2d: G2D MMIO base=0x05410000 size=0x40000
[   74.032396] sunxi-g2d 5410000.g2d: CCU base=0x02001000 (hardcoded)
[   74.032424] sunxi-g2d 5410000.g2d: Reset deasserted
[   74.032653] sunxi-g2d 5410000.g2d: IRQ 253 registered
[   74.033145] sunxi-g2d 5410000.g2d: RCQ buffer allocated: virt=3bd83635 phys=0x0x05c4b000 size=4096
[   74.033184] sunxi-g2d 5410000.g2d: RCQ enabled with 4096 byte buffer
[   74.033608] sunxi-g2d 5410000.g2d: Character device /dev/g2d created
[   74.033636] sunxi-g2d 5410000.g2d: G2D driver v2.9.15 loaded successfully
[  108.058511] dyndbg: expecting pairs of match-spec <value>
[  108.058547] dyndbg: query parse failed
